node.exe :  ÔÜá 
Warning: Next.js 
inferred your 
workspace root, but 
it may not be 
correct.
Au caractère C:\nvm4w
\nodejs\npx.ps1:16 : 
5
+     & 
"$basedir/node$exe"  
"$basedir/node_module
s/npm/bin/npx-cli.js"
 ...
+     ~~~~~~~~~~~~~~~
~~~~~~~~~~~~~~~~~~~~~
~~~~~~~~~~~~~~~~~~~~~
~~~~~~~~
    + CategoryInfo   
           : NotSpe  
  cified: ( ÔÜá Wa   
 rning: N...not b    
e correct.:Strin    
g) [], RemoteExc    
eption
    + FullyQualified 
   ErrorId : Native  
  CommandError
 
 We detected 
multiple lockfiles 
and selected the 
directory of C:\Users
\fallp\package-lock.j
son as the root 
directory.
 To silence this 
warning, set `outputF
ileTracingRoot` in 
your Next.js config, 
or consider removing 
one of the lockfiles 
if it's not needed.
   See https://nextjs
.org/docs/app/api-ref
erence/config/next-co
nfig-js/output#caveat
s for more 
information.
 Detected additional 
lockfiles: 
   * C:\Users\fallp\M
usic\si\NUBIA\package
-lock.json

   Ôû▓ Next.js 15.5.9
   - Environments: .env.local
   - Experiments (use with caution):
     ┬À optimizePackageImports

   Creating an optimized production build ...


Retrying 1/3...


Retrying 1/3...


Retrying 1/3...
 Ô£ô Compiled successfully in 69s
   Skipping linting
   Checking validity of types ...
Failed to compile.

./app/api/webhooks/ai
rwallex/route.ts:125:
33
Type error: Object 
literal may only 
specify known 
properties, and 
'orderNumber' does 
not exist in type '{ 
orderId: string; 
customerName: 
string; total: 
number; items: { 
name: string; 
quantity: number; 
price: number; }[]; 
shippingAddress: 
string; 
estimatedDelivery: 
string; }'.

[0m [90m 123 
|[39m               
              shippin
gAddress[33m.[39mem
ail[33m,[39m
 [90m 124 |[39m    
                     
    {
[31m[1m>[22m[39m
[90m 125 |[39m      
                     
      orderNumber[33
m:[39m order[33m.[
39morder_number[33m,
[39m
 [90m     |[39m    
                     
        
[31m[1m^[22m[39m
 [90m 126 |[39m    
                     
        
orderId[33m:[39m re
sult[33m.[39morderI
d[33m,[39m
 [90m 127 |[39m    
                     
        customerName
[33m:[39m [32m`${sh
ippingAddress.firstNa
me || ''} ${shippingA
ddress.lastName || ''
}`[39m[33m.[39mtri
m() [33m||[39m [32
m'Client'[39m[33m,
[39m
 [90m 128 |[39m    
                     
        
total[33m:[39m orde
r[33m.[39mtotal[33
m,[39m[0m
Next.js build worker 
exited with code: 1 
and signal: null
