
> nubia-aura@1.0.0 build
> next build

 ÔÜá Warning: Next.js inferred your workspace root, but it may not be correct.
 We detected multiple lockfiles and selected the directory of C:\Users\fallp\package-lock.json as the root directory.
 To silence this warning, set `outputFileTracingRoot` in your Next.js config, or consider removing one of the lockfiles if it's not needed.
   See https://nextjs.org/docs/app/api-reference/config/next-config-js/output#caveats for more information.
 Detected additional lockfiles: 
   * C:\Users\fallp\Music\si\NUBIA\package-lock.json
System.Management.Automation.RemoteException
   Ôû▓ Next.js 15.5.9
   - Environments: .env.local
   - Experiments (use with caution):
     ┬À optimizePackageImports

   Creating an optimized production build ...
 Ô£ô Compiled successfully in 17.6s
   Skipping linting
   Checking validity of types ...
   Collecting page data ...
   Generating static pages (0/143) ...
   Generating static pages (35/143) 
   Generating static pages (71/143) 
   Generating static pages (107/143) 
 Ô£ô Generating static pages (143/143)
   Finalizing page optimization ...
   Collecting build traces ...

Route (app)                                    Size  First Load JS
Ôöî Ôùï /                                         327 B         103 kB
Ôö£ Ôùï /_not-found                               327 B         103 kB
Ôö£ ÔùÅ /[locale]                               53.4 kB         249 kB
Ôö£   Ôö£ /fr
Ôö£   Ôöö /en
Ôö£ ÔùÅ /[locale]/a-propos                      2.35 kB         156 kB
Ôö£   Ôö£ /fr/a-propos
Ôö£   Ôöö /en/a-propos
Ôö£ ÔùÅ /[locale]/admin                           841 B         131 kB
Ôö£   Ôö£ /fr/admin
Ôö£   Ôöö /en/admin
Ôö£ ÔùÅ /[locale]/admin/dashboard               3.33 kB         157 kB
Ôö£   Ôö£ /fr/admin/dashboard
Ôö£   Ôöö /en/admin/dashboard
Ôö£ ÔùÅ /[locale]/admin/delivery-stats           2.6 kB         156 kB
Ôö£   Ôö£ /fr/admin/delivery-stats
Ôö£   Ôöö /en/admin/delivery-stats
Ôö£ ÔùÅ /[locale]/admin/login                   1.39 kB         155 kB
Ôö£   Ôö£ /fr/admin/login
Ôö£   Ôöö /en/admin/login
Ôö£ ÔùÅ /[locale]/admin/orders                  6.39 kB         202 kB
Ôö£   Ôö£ /fr/admin/orders
Ôö£   Ôöö /en/admin/orders
Ôö£ ÔùÅ /[locale]/admin/products/new            4.56 kB         158 kB
Ôö£   Ôö£ /fr/admin/products/new
Ôö£   Ôöö /en/admin/products/new
Ôö£ ÔùÅ /[locale]/admin/promos                  3.71 kB         157 kB
Ôö£   Ôö£ /fr/admin/promos
Ôö£   Ôöö /en/admin/promos
Ôö£ ÔùÅ /[locale]/admin/returns                 2.35 kB         156 kB
Ôö£   Ôö£ /fr/admin/returns
Ôö£   Ôöö /en/admin/returns
Ôö£ ÔùÅ /[locale]/admin/reviews                 2.99 kB         157 kB
Ôö£   Ôö£ /fr/admin/reviews
Ôö£   Ôöö /en/admin/reviews
Ôö£ ÔùÅ /[locale]/admin/stock                   2.51 kB         156 kB
Ôö£   Ôö£ /fr/admin/stock
Ôö£   Ôöö /en/admin/stock
Ôö£ ÔùÅ /[locale]/admin/submissions             4.25 kB         106 kB
Ôö£   Ôö£ /fr/admin/submissions
Ôö£   Ôöö /en/admin/submissions
Ôö£ ÔùÅ /[locale]/admin/users                   2.79 kB         156 kB
Ôö£   Ôö£ /fr/admin/users
Ôö£   Ôöö /en/admin/users
Ôö£ ÔùÅ /[locale]/admin/users/invite            2.39 kB         136 kB
Ôö£   Ôö£ /fr/admin/users/invite
Ôö£   Ôöö /en/admin/users/invite
Ôö£ ÔùÅ /[locale]/auth/callback                  1.8 kB         154 kB
Ôö£   Ôö£ /fr/auth/callback
Ôö£   Ôöö /en/auth/callback
Ôö£ ÔùÅ /[locale]/auth/forgot-password          3.26 kB         199 kB
Ôö£   Ôö£ /fr/auth/forgot-password
Ôö£   Ôöö /en/auth/forgot-password
Ôö£ ÔùÅ /[locale]/auth/login                    1.92 kB         155 kB
Ôö£   Ôö£ /fr/auth/login
Ôö£   Ôöö /en/auth/login
Ôö£ ÔùÅ /[locale]/auth/magic-link               1.92 kB         135 kB
Ôö£   Ôö£ /fr/auth/magic-link
Ôö£   Ôöö /en/auth/magic-link
Ôö£ ÔùÅ /[locale]/auth/reset-password           3.29 kB         199 kB
Ôö£   Ôö£ /fr/auth/reset-password
Ôö£   Ôöö /en/auth/reset-password
Ôö£ ÔùÅ /[locale]/auth/signup                   2.85 kB         156 kB
Ôö£   Ôö£ /fr/auth/signup
Ôö£   Ôöö /en/auth/signup
Ôö£ ÔùÅ /[locale]/catalogue                     6.76 kB         202 kB
Ôö£   Ôö£ /fr/catalogue
Ôö£   Ôöö /en/catalogue
Ôö£ ãÆ /[locale]/catalogue/[category]          4.45 kB         200 kB
Ôö£ ÔùÅ /[locale]/catalogue/recherche           3.63 kB         187 kB
Ôö£   Ôö£ /fr/catalogue/recherche
Ôö£   Ôöö /en/catalogue/recherche
Ôö£ ÔùÅ /[locale]/checkout                        189 B         211 kB
Ôö£   Ôö£ /fr/checkout
Ôö£   Ôöö /en/checkout
Ôö£ ÔùÅ /[locale]/client/dashboard              2.59 kB         156 kB
Ôö£   Ôö£ /fr/client/dashboard
Ôö£   Ôöö /en/client/dashboard
Ôö£ ÔùÅ /[locale]/client/orders                 2.27 kB         156 kB
Ôö£   Ôö£ /fr/client/orders
Ôö£   Ôöö /en/client/orders
Ôö£ ãÆ /[locale]/client/orders/[id]            3.36 kB         157 kB
Ôö£ ÔùÅ /[locale]/client/settings               2.42 kB         156 kB
Ôö£   Ôö£ /fr/client/settings
Ôö£   Ôöö /en/client/settings
Ôö£ ÔùÅ /[locale]/client/settings/change-email  1.89 kB         135 kB
Ôö£   Ôö£ /fr/client/settings/change-email
Ôö£   Ôöö /en/client/settings/change-email
Ôö£ ÔùÅ /[locale]/commandes                     3.19 kB         157 kB
Ôö£   Ôö£ /fr/commandes
Ôö£   Ôöö /en/commandes
Ôö£ ãÆ /[locale]/commandes/[id]                3.79 kB         157 kB
Ôö£ ÔùÅ /[locale]/conditions-generales            757 B         154 kB
Ôö£   Ôö£ /fr/conditions-generales
Ôö£   Ôöö /en/conditions-generales
Ôö£ ÔùÅ /[locale]/contact                        2.2 kB         156 kB
Ôö£   Ôö£ /fr/contact
Ôö£   Ôöö /en/contact
Ôö£ ÔùÅ /[locale]/mentions-legales                701 B         154 kB
Ôö£   Ôö£ /fr/mentions-legales
Ôö£   Ôöö /en/mentions-legales
Ôö£ ÔùÅ /[locale]/merci                         3.41 kB         157 kB
Ôö£   Ôö£ /fr/merci
Ôö£   Ôöö /en/merci
Ôö£ ÔùÅ /[locale]/panier                        2.96 kB         136 kB
Ôö£   Ôö£ /fr/panier
Ôö£   Ôöö /en/panier
Ôö£ ÔùÅ /[locale]/payments/callback             2.27 kB         156 kB
Ôö£   Ôö£ /fr/payments/callback
Ôö£   Ôöö /en/payments/callback
Ôö£ ÔùÅ /[locale]/politique-de-confidentialite    793 B         154 kB
Ôö£   Ôö£ /fr/politique-de-confidentialite
Ôö£   Ôöö /en/politique-de-confidentialite
Ôö£ ãÆ /[locale]/produit/[slug]                12.3 kB         212 kB
Ôö£ ÔùÅ /[locale]/sur-mesure                    4.12 kB         158 kB
Ôö£   Ôö£ /fr/sur-mesure
Ôö£   Ôöö /en/sur-mesure
Ôö£ Ôùï /a-propos                                 327 B         103 kB
Ôö£ Ôùï /admin/submissions                      3.23 kB         105 kB
Ôö£ ãÆ /api/admin/auth/create                    327 B         103 kB
Ôö£ ãÆ /api/admin/auth/me                        327 B         103 kB
Ôö£ ãÆ /api/admin/custom-orders                  327 B         103 kB
Ôö£ ãÆ /api/admin/custom-orders/validate         327 B         103 kB
Ôö£ ãÆ /api/admin/import                         327 B         103 kB
Ôö£ ãÆ /api/admin/ingest-from-bucket             327 B         103 kB
Ôö£ ãÆ /api/admin/ingest/dev                     327 B         103 kB
Ôö£ ãÆ /api/admin/login                          327 B         103 kB
Ôö£ ãÆ /api/admin/orders                         327 B         103 kB
Ôö£ ãÆ /api/admin/orders/[id]/delivery           327 B         103 kB
Ôö£ ãÆ /api/admin/orders/list                    327 B         103 kB
Ôö£ ãÆ /api/admin/orders/validate                327 B         103 kB
Ôö£ ãÆ /api/admin/populate-categories            327 B         103 kB
Ôö£ ãÆ /api/admin/products                       327 B         103 kB
Ôö£ ãÆ /api/admin/promos                         327 B         103 kB
Ôö£ ãÆ /api/admin/reservations                   327 B         103 kB
Ôö£ ãÆ /api/admin/reservations/cleanup           327 B         103 kB
Ôö£ ãÆ /api/admin/returns/list                   327 B         103 kB
Ôö£ ãÆ /api/admin/reviews                        327 B         103 kB
Ôö£ ãÆ /api/admin/setup-categories               327 B         103 kB
Ôö£ ãÆ /api/admin/stats                          327 B         103 kB
Ôö£ ãÆ /api/admin/upload                         327 B         103 kB
Ôö£ ãÆ /api/admin/users                          327 B         103 kB
Ôö£ ãÆ /api/auth/callback                        327 B         103 kB
Ôö£ ãÆ /api/auth/change-email                    327 B         103 kB
Ôö£ ãÆ /api/auth/forgot-password                 327 B         103 kB
Ôö£ ãÆ /api/auth/invite                          327 B         103 kB
Ôö£ ãÆ /api/auth/login                           327 B         103 kB
Ôö£ ãÆ /api/auth/logout                          327 B         103 kB
Ôö£ ãÆ /api/auth/magic-link                      327 B         103 kB
Ôö£ ãÆ /api/auth/me                              327 B         103 kB
Ôö£ ãÆ /api/auth/notify-password-changed         327 B         103 kB
Ôö£ ãÆ /api/auth/reauthenticate                  327 B         103 kB
Ôö£ ãÆ /api/auth/signup                          327 B         103 kB
Ôö£ ãÆ /api/auth/update-profile                  327 B         103 kB
Ôö£ ãÆ /api/cart                                 327 B         103 kB
Ôö£ ãÆ /api/cart/clear                           327 B         103 kB
Ôö£ ãÆ /api/categories                           327 B         103 kB
Ôö£ ãÆ /api/checkout/create                      327 B         103 kB
Ôö£ ãÆ /api/checkout/quote                       327 B         103 kB
Ôö£ ãÆ /api/cleanup/stock-reservations           327 B         103 kB
Ôö£ ãÆ /api/contact                              327 B         103 kB
Ôö£ ãÆ /api/cron/cleanup-expired-reservations    327 B         103 kB
Ôö£ ãÆ /api/cron/update-custom-order-status      327 B         103 kB
Ôö£ ãÆ /api/cron/update-order-status             327 B         103 kB
Ôö£ ãÆ /api/custom-orders                        327 B         103 kB
Ôö£ ãÆ /api/custom-orders/notify                 327 B         103 kB
Ôö£ ãÆ /api/invoices/[orderId]                   327 B         103 kB
Ôö£ ãÆ /api/newsletter                           327 B         103 kB
Ôö£ ãÆ /api/notifications/send                   327 B         103 kB
Ôö£ ãÆ /api/orders                               327 B         103 kB
Ôö£ ãÆ /api/orders/[id]                          327 B         103 kB
Ôö£ ãÆ /api/orders/[id]/finalize-stock           327 B         103 kB
Ôö£ ãÆ /api/orders/[id]/release-stock            327 B         103 kB
Ôö£ ãÆ /api/orders/cod                           327 B         103 kB
Ôö£ ãÆ /api/orders/detail/[id]                   327 B         103 kB
Ôö£ ãÆ /api/orders/list                          327 B         103 kB
Ôö£ ãÆ /api/orders/notify-status                 327 B         103 kB
Ôö£ ãÆ /api/payments/initialize                  327 B         103 kB
Ôö£ ãÆ /api/payments/verify                      327 B         103 kB
Ôö£ ãÆ /api/payments/webhook                     327 B         103 kB
Ôö£ ãÆ /api/products                             327 B         103 kB
Ôö£ ãÆ /api/promo/validate                       327 B         103 kB
Ôö£ ãÆ /api/returns                              327 B         103 kB
Ôö£ ãÆ /api/returns/[id]                         327 B         103 kB
Ôö£ ãÆ /api/returns/eligibility                  327 B         103 kB
Ôö£ ãÆ /api/returns/notify                       327 B         103 kB
Ôö£ ãÆ /api/reviews                              327 B         103 kB
Ôö£ ãÆ /api/search                               327 B         103 kB
Ôö£ ãÆ /api/tracking                             327 B         103 kB
Ôö£ ãÆ /api/users/profile                        327 B         103 kB
Ôö£ ãÆ /api/users/stats                          327 B         103 kB
Ôö£ ãÆ /api/webhooks/airwallex                   327 B         103 kB
Ôö£ ãÆ /api/webhooks/cmi                         327 B         103 kB
Ôö£ ãÆ /api/webhooks/paytech                     327 B         103 kB
Ôö£ ãÆ /api/wishlist                             327 B         103 kB
Ôö£ ãÆ /auth/login                             1.92 kB         155 kB
Ôö£ Ôùï /catalogue                              2.81 kB         156 kB
Ôö£ ãÆ /catalogue/[category]                   2.62 kB         156 kB
Ôö£ Ôùï /checkout                                 189 B         211 kB
Ôö£ Ôùï /client/dashboard                       2.19 kB         156 kB
Ôö£ Ôùï /client/orders                          2.33 kB         156 kB
Ôö£ ãÆ /client/orders/[id]                     2.83 kB         156 kB
Ôö£ Ôùï /client/profile                         2.39 kB         156 kB
Ôö£ Ôùï /client/returns                         2.56 kB         108 kB
Ôö£ ãÆ /client/returns/[id]                    2.88 kB         136 kB
Ôö£ Ôùï /contact                                  327 B         103 kB
Ôö£ Ôùï /payments/callback                      2.27 kB         156 kB
Ôö£ ãÆ /sitemap.xml                              327 B         103 kB
Ôöö Ôùï /sur-mesure                               327 B         103 kB
+ First Load JS shared by all                102 kB
  Ôö£ chunks/1255-a23e35e4e3ed1803.js         45.8 kB
  Ôö£ chunks/4bd1b696-f785427dddbba9fb.js     54.2 kB
  Ôöö other shared chunks (total)              2.1 kB


ãÆ Middleware                                33.4 kB

Ôùï  (Static)   prerendered as static content
ÔùÅ  (SSG)      prerendered as static HTML (uses generateStaticParams)
ãÆ  (Dynamic)  server-rendered on demand

