__tests__/integration/database.integration.test.ts(301,13): error TS6133: '_testPromoId' is declared but its value is never read.
